// Jest Snapshot v1, https://goo.gl/fbAQLP

exports[`Footer component renders the component and matches snapshot 1`] = `<footer class="footer">2019 Hackernews</footer>`;
