// Jest Snapshot v1, https://goo.gl/fbAQLP

exports[`Header component renders the component and matches snapshot 1`] = `<header class="header">Hackernews Top 500</header>`;
